Auszug: erfolgreicher Kalibrierungsabschnitt eines insgesamt fehlgeschlagenen früheren Laufs. Kein Gesamtabnahmenachweis.

########## KALIBRIERUNG (300 Laufbahnen) ##########
=== Vermächtnis-Coins über 300 Laufbahnen (ohne Akademiebonus) ===
  Punkte     Mittel 852 · Median 845 · P10 518 · P90 1159
  Saisons    Mittel 23.7 · Median 25
  VC         Mittel 111.4 · Median 115 · P10 58 · P90 164 · Spanne 27–256
  dazu je Laufbahn: Akademie 10.0 · Errungenschaften 18.1 · Verein 4.0  → zusammen 143.4 VC
  Voller Ausbau kostet 2912 VC
  → nur aus Laufbahn-VC, ohne die anderen Quellen: 26.1 Laufbahnen (im Mittel), 25.3 (im Median)
  ✓ Laufbahnen bis Vollausbau (alle Quellen): 20.3  (Ziel 20–30)
  ✓ Kosten des Vollausbaus: 2912  (Ziel 2700–3100)

=== Akademie: 25 Jahre je Ausbaustufe (je 40 Durchläufe) ===
  Stufe   Aufnahmen  Profis  Weltklasse  Nationalsp.  Turniere  Abbrüche  Ansehen
    1        70.2        2.1        0.0          0.0        0.5       60.3        6.8
    2        70.6        5.5        0.0          0.0        0.7       56.5       15.3
    3        97.3       14.1        0.0          0.1        3.3       70.2       48.3
    4       125.8       32.8        0.1          1.4        7.0       74.8      115.7
    5       154.5       52.8        1.4          5.5       11.1       77.5      218.9
    6       153.9       58.4        5.5         11.1       15.4       71.6      341.4

  Weltklasse auf Stufe 6 nach 25 Jahren: Median 5 · P10 2 · P90 8 · Spanne 0–13
  ✓ Weltklasse Stufe 6 (Median): 5  (Ziel 3–8)

=== Rautekarte (Ausgleichszähler) ===
  Laufbahnen bis zur Karte: Median 34 · Mittel 35.7 · P10 14 · P90 60
  Bis Laufbahn 10: 6.4 % · 20: 22.3 % · 30: 43.3 %
  Zähler wird am Spieler festgehalten ✓
  ✓ Rautekarte (Median): 34  (Ziel 28–42)

=== Gedeckelter Startvorteil nach Ansehen ===
  Ansehen   0 → Anlage +0 · Ruf +0 · Geld +0 Tsd. € · Entwicklung +0 %
  Ansehen  40 → Anlage +1 · Ruf +2 · Geld +30 Tsd. € · Entwicklung +0 %
  Ansehen  90 → Anlage +3 · Ruf +5 · Geld +70 Tsd. € · Entwicklung +4 %
  Ansehen 150 → Anlage +4 · Ruf +6 · Geld +100 Tsd. € · Entwicklung +6 %
  Ansehen 220 → Anlage +4 · Ruf +6 · Geld +100 Tsd. € · Entwicklung +6 %
  Ansehen 300 → Anlage +4 · Ruf +6 · Geld +100 Tsd. € · Entwicklung +6 %
  Ansehen 500 → Anlage +4 · Ruf +6 · Geld +100 Tsd. € · Entwicklung +6 %

=== Kosten je Abteilung (Stufe 1 → 6) ===
  Trainingsplätze         16 · 30 · 48 · 70 · 96     = 260 VC
  Scouting                18 · 34 · 54 · 78 · 106    = 290 VC
  Internat                14 · 27 · 43 · 63 · 86     = 233 VC
  Medizinische Abteilung  15 · 28 · 45 · 66 · 90     = 244 VC
  Ausbildung              20 · 37 · 58 · 84 · 114    = 313 VC
  Wettbewerbe             14 · 26 · 42 · 60 · 82     = 224 VC
  Mentaltraining          26 · 48 · 78 · 112 · 152   = 416 VC
  Videoanalyse            28 · 52 · 84 · 120 · 164   = 448 VC
  Netzwerk zu Profivereinen30 · 56 · 90 · 130 · 178   = 484 VC
  GESAMT                                             = 2912 VC

=== Zielbänder ===
  Alle Kennzahlen im Zielband.

